---
source: tui/tests/vt100_chatwidget_snapshot.rs
expression: frame
---
 +----------------------------------------------------------------------------+
 |                                    Code                                    |
 +----------------------------------------------------------------------------+


 ★ Popular commands:
   /settings - manage all settings in one place NEW
   /auto - work autonomously on long tasks with Auto Drive UPDATED
   /chrome - connect to your Chrome browser
   /plan - create a comprehensive plan (multiple agents)
   /code - perform a coding task (multiple agents)

  Auto Drive > Working                                   ✶ Awaiting review (1s)
 +----------------------------------------------------------------------------+
 | What can I code for you today?                                             |
 +----------------------------------------------------------------------------+
   Agents Enabled  •  Review Enabled  •  Cross-check Enabl… Esc stop Auto Drive
