---
source: tui/tests/vt100_chatwidget_snapshot.rs
expression: output
---
 +------------------------------------------------------------------------------------------------+
 |    Code  •  Directory: ~/.code/working/code/branches/code-branch-20251017-050546/code-rs/tui   |
 +------------------------------------------------------------------------------------------------+
 +Settings ▸ Overview-----------------------------------------------------------------------------+
 |                                                                                                |
 | › Model              Model: gpt-5-codex · Effort: Medium                                       |
 |   + Choose the language model used for new completions.                                        |
 |                                                                                                |
 |   Theme              Theme: Light - Photon (16-color) · Spinner: Diamond                       |
 |   + Switch between preset color palettes and adjust contrast.                                  |
 |                                                                                                |
 |   Updates            Auto update: Disabled                                                     |
 |   + Control CLI auto-update cadence and release channels.                                      |
 |                                                                                                |
 |                                                                                                |
                                                                                                   
 |   Agents             Enabled: 7/7                                                              |
 |   + Configure linked agents and default task permissions.                                      |
 |                                                                                                |
 | ↑ ↓ Move    Enter Open    Esc Close    ? Help                                                  |
 |                                                                                                |
 +------------------------------------------------------------------------------------------------+

 +------------------------------------------------------------------------------------------------+
 | What can I code for you today?                                                                 |
 +------------------------------------------------------------------------------------------------+
   Read Only  (Shift+Tab change)                                                       Ctrl+H help
