---
source: tui/tests/vt100_chatwidget_snapshot.rs
assertion_line: 567
expression: output
---
 +----------------------------------------------------------------------------+
 |                                    Code                                    |
 +----------------------------------------------------------------------------+
   /code - perform a coding task (multiple agents)

 › Can you help me understand the available commands?


 • Hello! How can I help you today?



 • I can help with various tasks including:

   - Writing code
   - Reading files
   - Running commands


 +----------------------------------------------------------------------------+
 | What can I code for you today?                                             |
 +----------------------------------------------------------------------------+
   Read Only  (Shift+Tab change)                                   Ctrl+H help
