---
source: tui/tests/vt100_chatwidget_snapshot.rs
assertion_line: 289
expression: "frames.join(\"\\n---FRAME---\\n\")"
---
 +----------------------------------------------------------------------------+
 |                                    Code                                    |
 +----------------------------------------------------------------------------+
   parallel work)
   /limits - open Settings overlay at Limits section
   /review - review your changes for potential issues
   /auto - work autonomously on long tasks with Auto Drive Experimental
   /cloud - browse, apply, and create cloud tasks NEW

  Auto Drive > Working                                Awaiting input (0 turns)
 Auto Drive will send:
 Prompt:
 cargo nextest run --no-fail-fast



   Awaiting approval  •  Agents Enabled  •  Revie… Enter approve  •  Esc cancel

---FRAME---
 +----------------------------------------------------------------------------+
 |                                    Code                                    |
 +----------------------------------------------------------------------------+
   parallel work)
   /limits - open Settings overlay at Limits section
   /review - review your changes for potential issues
   /auto - work autonomously on long tasks with Auto Drive Experimental
   /cloud - browse, apply, and create cloud tasks NEW

  Auto Drive > Working                                Awaiting input (0 turns)
 Auto Drive will send:
 Prompt:
 cargo nextest run --no-fail-fast



   Awaiting approval  •  Agents Enabled  •  Revie… Enter approve  •  Esc cancel

---FRAME---
 +----------------------------------------------------------------------------+
 |                                    Code                                    |
 +----------------------------------------------------------------------------+
   /plan - create a comprehensive plan (multiple agents)
   /code - perform a coding task (multiple agents)
   /branch - work in an isolated /branch then /merge when done (great for
   parallel work)
   /limits - open Settings overlay at Limits section
   /review - review your changes for potential issues
   /auto - work autonomously on long tasks with Auto Drive Experimental
   /cloud - browse, apply, and create cloud tasks NEW

  Auto Drive > Working                                       Running (0 turns)
 +----------------------------------------------------------------------------+
 | What can I code for you today?                                             |
 +----------------------------------------------------------------------------+
  Agents Enabled  •  Review Enabled  •  Cross-check Enabled  •  Observer Enabled  •  Ctrl+S Settings  •  Ctrl+O Threads   Esc stop Auto Drive
