---
source: tui/tests/vt100_chatwidget_snapshot.rs
assertion_line: 1278
expression: output
---
 +----------------------------------------------------------------------------+
 |                                    Code                                    |
 +----------------------------------------------------------------------------+



 ★ Popular commands:
   /settings - manage all settings in one place NEW
   /auto - work autonomously on long tasks with Auto Drive UPDATED
   /chrome - connect to your Chrome browser
   /plan - create a comprehensive plan (multiple agents)
   /code - perform a coding task (multiple agents)

 › Kick off QA bot regression run

   +- qa-bot
   |
   |  Run targeted regression suite
   |
   |  Agents
   |    • claude  running  (Xs)
   |
   |  Actions
   |   MM:SS  Started agent run for qa-bot
   |
   +- [Ctrl+A] Expand · [Esc] Stop

 +----------------------------- ✶ Responding... -----------------------------+
 | What can I code for you today?                                             |
 +----------------------------------------------------------------------------+
   Read Only  (Shift+Tab change)                                   Ctrl+H help
